{
    "Should run without failures": {
        "content": [
            {
                "polished_medaka": [
                    [
                        "barcode01",
                        "GXB01322_20181217_FAK35493_GA10000_filtered.fastq.gz:md5,a8963239f21c36010a1e2024b5cdc7a9",
                        "GXB01322",
                        "consensus.fasta:md5,a5c9546197a5d284a000c78fa1fc6349"
                    ]
                ]
            }
        ],
        "timestamp": "2022-12-08T20:18:26+0000"
    }
}